// Jest Snapshot v1, https://goo.gl/fbAQLP

exports[`Button should correctly render Button 1`] = `
<button
  className="big"
  type="button"
>
  search
</button>
`;
